2025-12-27 20:20:11,241 - INFO - Starting scraper run...
2025-12-27 20:20:11,246 - INFO - Debug mode enabled: Running headful browser.
2025-12-27 20:20:11,247 - INFO - Using User-Agent: Mozilla/5.0 (X11; Linux x86_64) AppleWebKit/537.36 (KHTML, like Gecko) Chrome/120.0.0.0 Safari/537.36
2025-12-27 20:20:11,937 - INFO - patching driver executable /home/raouf/.local/share/undetected_chromedriver/undetected_chromedriver
2025-12-27 20:20:13,805 - INFO - Browser launched with persistent profile: /home/raouf/Bureau/appart-scrapper/browser_profile_uc
2025-12-27 20:20:13,805 - INFO - Running scraper: seloger
2025-12-27 20:20:23,512 - INFO - [seloger] Navigating to https://www.seloger.com/classified-search?distributionTypes=Rent&estateTypes=House,Apartment&locationsInBuildingExcluded=Groundfloor&locations=AD08FR31096&priceMin=600&priceMax=850&spaceMin=19&order=DateDesc
2025-12-27 20:20:23,513 - INFO - [seloger] Visiting homepage first...
2025-12-27 20:20:44,461 - INFO - [seloger] Navigating to search page...
2025-12-27 20:20:51,375 - INFO - [seloger] Parsed 0 cards
2025-12-27 20:20:51,375 - WARNING - [seloger] BLOCKED - Bot detection triggered!
2025-12-27 20:20:55,317 - INFO - Debug screenshot saved.
2025-12-27 20:20:55,627 - INFO - Alert notification sent.
2025-12-27 20:20:55,630 - WARNING - Alert notification sent for seloger being blocked
2025-12-27 20:20:55,631 - INFO - Browser closed.
2025-12-27 20:20:55,631 - INFO - Scraper run completed.
2025-12-27 20:53:36,102 - INFO - Starting scraper run...
2025-12-27 20:53:36,107 - INFO - Debug mode enabled: Running headful browser.
2025-12-27 20:53:36,108 - INFO - Using User-Agent: Mozilla/5.0 (Windows NT 10.0; Win64; x64) AppleWebKit/537.36 (KHTML, like Gecko) Chrome/120.0.0.0 Safari/537.36
2025-12-27 20:53:36,782 - INFO - patching driver executable /home/raouf/.local/share/undetected_chromedriver/undetected_chromedriver
2025-12-27 20:53:39,291 - INFO - Browser launched with persistent profile: /home/raouf/Bureau/appart-scrapper/browser_profile_uc
2025-12-27 20:53:39,292 - INFO - Running scraper: seloger
2025-12-27 20:53:47,111 - INFO - [seloger] Navigating to https://www.seloger.com/classified-search?distributionTypes=Rent&estateTypes=House,Apartment&locationsInBuildingExcluded=Groundfloor&locations=AD08FR31096&priceMin=600&priceMax=850&spaceMin=19&order=DateDesc
2025-12-27 20:53:47,111 - INFO - [seloger] Visiting homepage first...
2025-12-27 20:54:11,575 - INFO - [seloger] Navigating to search page...
2025-12-27 20:54:22,627 - INFO - [seloger] Parsed 31 cards
2025-12-27 20:54:22,776 - INFO - [seloger] Found 31 listings
2025-12-27 20:54:23,106 - INFO - Notification sent successfully.
2025-12-27 20:54:23,107 - INFO - New listing detected: 257128377
2025-12-27 20:54:24,251 - INFO - Notification sent successfully.
2025-12-27 20:54:24,253 - INFO - New listing detected: 257123469
2025-12-27 20:54:24,561 - INFO - Notification sent successfully.
2025-12-27 20:54:24,563 - INFO - New listing detected: 257062839
2025-12-27 20:54:24,875 - INFO - Notification sent successfully.
2025-12-27 20:54:24,877 - INFO - New listing detected: 257059137
2025-12-27 20:54:25,205 - INFO - Notification sent successfully.
2025-12-27 20:54:25,207 - INFO - New listing detected: 257059107
2025-12-27 20:54:25,618 - INFO - Notification sent successfully.
2025-12-27 20:54:25,620 - INFO - New listing detected: 256934515
2025-12-27 20:54:25,928 - INFO - Notification sent successfully.
2025-12-27 20:54:25,930 - INFO - New listing detected: 256929775
2025-12-27 20:54:26,263 - INFO - Notification sent successfully.
2025-12-27 20:54:26,265 - INFO - New listing detected: 256929743
2025-12-27 20:54:26,594 - INFO - Notification sent successfully.
2025-12-27 20:54:26,596 - INFO - New listing detected: 256921603
2025-12-27 20:54:26,935 - INFO - Notification sent successfully.
2025-12-27 20:54:26,937 - INFO - New listing detected: 255843459
2025-12-27 20:54:27,249 - INFO - Notification sent successfully.
2025-12-27 20:54:27,251 - INFO - New listing detected: 256921419
2025-12-27 20:54:27,555 - INFO - Notification sent successfully.
2025-12-27 20:54:27,557 - INFO - New listing detected: 256768167
2025-12-27 20:54:27,859 - INFO - Notification sent successfully.
2025-12-27 20:54:27,862 - INFO - New listing detected: 256742613
2025-12-27 20:54:28,192 - INFO - Notification sent successfully.
2025-12-27 20:54:28,195 - INFO - New listing detected: 256739219
2025-12-27 20:54:28,504 - INFO - Notification sent successfully.
2025-12-27 20:54:28,508 - INFO - New listing detected: 256724401
2025-12-27 20:54:28,825 - INFO - Notification sent successfully.
2025-12-27 20:54:28,828 - INFO - New listing detected: 256685109
2025-12-27 20:54:29,133 - INFO - Notification sent successfully.
2025-12-27 20:54:29,136 - INFO - New listing detected: 256652555
2025-12-27 20:54:29,460 - INFO - Notification sent successfully.
2025-12-27 20:54:29,463 - INFO - New listing detected: 256652557
2025-12-27 20:54:29,788 - INFO - Notification sent successfully.
2025-12-27 20:54:29,793 - INFO - New listing detected: 256521257
2025-12-27 20:54:30,200 - INFO - Notification sent successfully.
2025-12-27 20:54:30,203 - INFO - New listing detected: 256521245
2025-12-27 20:54:30,542 - INFO - Notification sent successfully.
2025-12-27 20:54:30,545 - INFO - New listing detected: 256521291
2025-12-27 20:54:30,993 - INFO - Notification sent successfully.
2025-12-27 20:54:30,995 - INFO - New listing detected: 256521251
2025-12-27 20:54:31,305 - INFO - Notification sent successfully.
2025-12-27 20:54:31,307 - INFO - New listing detected: 256509985
2025-12-27 20:54:31,624 - INFO - Notification sent successfully.
2025-12-27 20:54:31,626 - INFO - New listing detected: 256392761
2025-12-27 20:54:31,991 - INFO - Notification sent successfully.
2025-12-27 20:54:31,993 - INFO - New listing detected: 256372785
2025-12-27 20:54:32,302 - INFO - Notification sent successfully.
2025-12-27 20:54:32,304 - INFO - New listing detected: gen_25
2025-12-27 20:54:32,612 - INFO - Notification sent successfully.
2025-12-27 20:54:32,614 - INFO - New listing detected: 256314407
2025-12-27 20:54:32,918 - INFO - Notification sent successfully.
2025-12-27 20:54:32,921 - INFO - New listing detected: 256294177
2025-12-27 20:54:33,230 - INFO - Notification sent successfully.
2025-12-27 20:54:33,233 - INFO - New listing detected: 256278749
2025-12-27 20:54:33,562 - INFO - Notification sent successfully.
2025-12-27 20:54:33,564 - INFO - New listing detected: 256264277
2025-12-27 20:54:33,896 - INFO - Notification sent successfully.
2025-12-27 20:54:33,897 - INFO - New listing detected: 256213539
2025-12-27 20:54:33,898 - INFO - Found 31 new listings for seloger
2025-12-27 20:54:33,900 - INFO - Browser closed.
2025-12-27 20:54:33,903 - INFO - Scraper run completed.
2025-12-27 21:06:17,873 - INFO - Starting scraper run...
2025-12-27 21:06:17,879 - INFO - Debug mode enabled: Running headful browser.
2025-12-27 21:06:17,880 - INFO - Using User-Agent: Mozilla/5.0 (Macintosh; Intel Mac OS X 14.1; rv:121.0) Gecko/20100101 Firefox/121.0
2025-12-27 21:06:18,678 - INFO - patching driver executable /home/raouf/.local/share/undetected_chromedriver/undetected_chromedriver
2025-12-27 21:06:21,186 - INFO - Browser launched with persistent profile: /home/raouf/Bureau/appart-scrapper/browser_profile_uc
2025-12-27 21:06:21,190 - INFO - Running scraper: seloger
2025-12-27 21:06:28,472 - INFO - [seloger] Navigating to https://www.seloger.com/classified-search?distributionTypes=Rent&estateTypes=House,Apartment&locationsInBuildingExcluded=Groundfloor&locations=AD08FR31096&priceMin=600&priceMax=850&spaceMin=19&order=DateDesc
2025-12-27 21:06:28,472 - INFO - [seloger] Visiting homepage first...
2025-12-27 21:06:50,771 - INFO - [seloger] Navigating to search page...
2025-12-27 21:07:03,959 - INFO - [seloger] Parsed 31 cards
2025-12-27 21:07:04,123 - INFO - [seloger] Found 31 listings
2025-12-27 21:07:04,123 - INFO - No new listings for seloger
2025-12-27 21:07:04,124 - INFO - Browser closed.
2025-12-27 21:07:04,126 - INFO - Scraper run completed.
2025-12-27 21:07:04,134 - INFO - Waiting 10 minutes before next check...
2025-12-27 21:07:44,625 - INFO - Stopping scraper...
2025-12-27 21:07:51,297 - INFO - Starting scraper run...
2025-12-27 21:07:51,304 - INFO - Debug mode enabled: Running headful browser.
2025-12-27 21:07:51,305 - INFO - Using User-Agent: Mozilla/5.0 (Macintosh; Intel Mac OS X 10_15_7) AppleWebKit/537.36 (KHTML, like Gecko) Chrome/120.0.0.0 Safari/537.36
2025-12-27 21:07:52,008 - INFO - patching driver executable /home/raouf/.local/share/undetected_chromedriver/undetected_chromedriver
2025-12-27 21:07:54,804 - INFO - Browser launched with persistent profile: /home/raouf/Bureau/appart-scrapper/browser_profile_uc
2025-12-27 21:07:54,805 - INFO - Running scraper: seloger
2025-12-27 21:08:07,002 - INFO - [seloger] Navigating to https://www.seloger.com/classified-search?distributionTypes=Rent&estateTypes=House,Apartment&locationsInBuildingExcluded=Groundfloor&locations=AD08FR31096&priceMin=600&priceMax=850&spaceMin=19&order=DateDesc
2025-12-27 21:08:07,002 - INFO - [seloger] Visiting homepage first...
2025-12-27 21:08:28,298 - INFO - [seloger] Navigating to search page...
2025-12-27 21:08:40,866 - INFO - [seloger] Parsed 31 cards
2025-12-27 21:08:41,051 - INFO - [seloger] Found 31 listings
2025-12-27 21:08:41,051 - INFO - No new listings for seloger
2025-12-27 21:08:41,053 - INFO - Browser closed.
2025-12-27 21:08:41,055 - INFO - Scraper run completed.
2025-12-27 21:08:41,064 - INFO - Waiting 10 minutes before next check...
2025-12-27 21:09:07,430 - INFO - Stopping scraper...
2025-12-27 21:09:09,852 - INFO - Starting scraper run...
2025-12-27 21:09:09,858 - INFO - Using User-Agent: Mozilla/5.0 (Windows NT 10.0; Win64; x64) AppleWebKit/537.36 (KHTML, like Gecko) Chrome/120.0.0.0 Safari/537.36
2025-12-27 21:09:10,558 - INFO - patching driver executable /home/raouf/.local/share/undetected_chromedriver/undetected_chromedriver
2025-12-27 21:09:11,782 - INFO - Browser launched with persistent profile: /home/raouf/Bureau/appart-scrapper/browser_profile_uc
2025-12-27 21:09:11,783 - INFO - Running scraper: seloger
2025-12-27 21:09:17,587 - INFO - [seloger] Navigating to https://www.seloger.com/classified-search?distributionTypes=Rent&estateTypes=House,Apartment&locationsInBuildingExcluded=Groundfloor&locations=AD08FR31096&priceMin=600&priceMax=850&spaceMin=19&order=DateDesc
2025-12-27 21:09:17,587 - INFO - [seloger] Visiting homepage first...
2025-12-27 21:09:39,209 - INFO - [seloger] Navigating to search page...
2025-12-27 21:09:56,280 - INFO - [seloger] Parsed 31 cards
2025-12-27 21:09:56,450 - INFO - [seloger] Found 31 listings
2025-12-27 21:09:56,451 - INFO - No new listings for seloger
2025-12-27 21:09:56,454 - INFO - Browser closed.
2025-12-27 21:09:56,456 - INFO - Scraper run completed.
2025-12-27 21:09:56,465 - INFO - Waiting 1 minutes before next check...
2025-12-27 21:10:56,466 - INFO - Starting scraper run...
2025-12-27 21:10:56,472 - INFO - Using User-Agent: Mozilla/5.0 (Windows NT 10.0; Win64; x64) AppleWebKit/537.36 (KHTML, like Gecko) Chrome/120.0.0.0 Safari/537.36
2025-12-27 21:10:57,084 - INFO - patching driver executable /home/raouf/.local/share/undetected_chromedriver/undetected_chromedriver
2025-12-27 21:10:58,451 - INFO - Browser launched with persistent profile: /home/raouf/Bureau/appart-scrapper/browser_profile_uc
2025-12-27 21:10:58,452 - INFO - Running scraper: seloger
2025-12-27 21:11:10,417 - INFO - [seloger] Navigating to https://www.seloger.com/classified-search?distributionTypes=Rent&estateTypes=House,Apartment&locationsInBuildingExcluded=Groundfloor&locations=AD08FR31096&priceMin=600&priceMax=850&spaceMin=19&order=DateDesc
2025-12-27 21:11:10,420 - INFO - [seloger] Visiting homepage first...
2025-12-27 21:11:32,028 - INFO - [seloger] Navigating to search page...
2025-12-27 21:11:51,542 - INFO - [seloger] Parsed 31 cards
2025-12-27 21:11:51,738 - INFO - [seloger] Found 31 listings
2025-12-27 21:11:51,738 - INFO - No new listings for seloger
2025-12-27 21:11:51,739 - INFO - Browser closed.
2025-12-27 21:11:51,741 - INFO - Scraper run completed.
2025-12-27 21:11:51,751 - INFO - Waiting 1 minutes before next check...
2025-12-27 21:12:08,637 - INFO - Stopping scraper...
2025-12-29 23:00:45,285 - INFO - Starting scraper run...
2025-12-29 23:00:45,291 - INFO - Using User-Agent: Mozilla/5.0 (X11; Linux x86_64) AppleWebKit/537.36 (KHTML, like Gecko) Chrome/120.0.0.0 Safari/537.36
2025-12-29 23:00:46,101 - INFO - patching driver executable /home/raouf/.local/share/undetected_chromedriver/undetected_chromedriver
2025-12-29 23:00:47,350 - INFO - Browser launched with persistent profile: /home/raouf/Bureau/appart-scrapper/browser_profile_uc
2025-12-29 23:00:47,351 - INFO - Running scraper: seloger
2025-12-29 23:01:01,679 - INFO - [seloger] Navigating to https://www.seloger.com/classified-search?distributionTypes=Rent&estateTypes=House,Apartment&locationsInBuildingExcluded=Groundfloor&locations=AD08FR31096&priceMin=600&priceMax=850&spaceMin=19&order=DateDesc
2025-12-29 23:01:01,679 - INFO - [seloger] Visiting homepage first...
2025-12-29 23:01:19,040 - INFO - [seloger] Navigating to search page...
2025-12-29 23:01:26,783 - INFO - [seloger] Parsed 0 cards
2025-12-29 23:01:26,783 - WARNING - [seloger] BLOCKED - Bot detection triggered!
2025-12-29 23:01:26,929 - INFO - Debug screenshot saved.
2025-12-29 23:01:27,241 - INFO - Alert notification sent.
2025-12-29 23:01:27,243 - WARNING - Alert notification sent for seloger being blocked
2025-12-29 23:01:27,244 - INFO - Browser closed.
2025-12-29 23:01:27,246 - INFO - Scraper run completed.
2025-12-29 23:01:27,256 - INFO - Waiting 5 minutes before next check...
2025-12-29 23:01:34,430 - INFO - Stopping scraper...
2025-12-29 23:01:42,089 - INFO - Starting scraper run...
2025-12-29 23:01:42,094 - INFO - Debug mode enabled: Running headful browser.
2025-12-29 23:01:42,095 - INFO - Using User-Agent: Mozilla/5.0 (X11; Linux x86_64) AppleWebKit/537.36 (KHTML, like Gecko) Chrome/120.0.0.0 Safari/537.36
2025-12-29 23:01:42,751 - INFO - patching driver executable /home/raouf/.local/share/undetected_chromedriver/undetected_chromedriver
2025-12-29 23:01:44,576 - INFO - Browser launched with persistent profile: /home/raouf/Bureau/appart-scrapper/browser_profile_uc
2025-12-29 23:01:44,578 - INFO - Running scraper: seloger
2025-12-29 23:01:52,140 - INFO - [seloger] Navigating to https://www.seloger.com/classified-search?distributionTypes=Rent&estateTypes=House,Apartment&locationsInBuildingExcluded=Groundfloor&locations=AD08FR31096&priceMin=600&priceMax=850&spaceMin=19&order=DateDesc
2025-12-29 23:01:52,140 - INFO - [seloger] Visiting homepage first...
2025-12-29 23:02:00,757 - INFO - Browser closed.
2025-12-29 23:02:00,757 - INFO - Stopping scraper...
2025-12-29 23:05:08,415 - INFO - Starting scraper run...
2025-12-29 23:05:08,421 - INFO - Debug mode enabled: Running headful browser.
2025-12-29 23:05:08,421 - INFO - Using User-Agent: Mozilla/5.0 (Macintosh; Intel Mac OS X 10_15_7) AppleWebKit/537.36 (KHTML, like Gecko) Chrome/120.0.0.0 Safari/537.36
2025-12-29 23:05:09,102 - INFO - patching driver executable /home/raouf/.local/share/undetected_chromedriver/undetected_chromedriver
2025-12-29 23:05:10,764 - INFO - Browser launched with persistent profile: /home/raouf/Bureau/appart-scrapper/browser_profile_uc
2025-12-29 23:05:10,765 - INFO - Running scraper: seloger
2025-12-29 23:05:17,283 - INFO - [seloger] Navigating to https://www.seloger.com/classified-search?distributionTypes=Rent&estateTypes=House,Apartment&locationsInBuildingExcluded=Groundfloor&locations=AD08FR31096&priceMin=600&priceMax=850&spaceMin=19&order=DateDesc
2025-12-29 23:05:17,283 - INFO - [seloger] Visiting homepage first...
2025-12-29 23:05:22,532 - INFO - Browser closed.
2025-12-29 23:05:22,532 - INFO - Stopping scraper...
2025-12-29 23:10:49,374 - INFO - Starting scraper run...
2025-12-29 23:10:49,379 - INFO - Debug mode enabled: Running headful browser.
2025-12-29 23:10:49,380 - INFO - Using User-Agent: Mozilla/5.0 (Windows NT 10.0; Win64; x64; rv:121.0) Gecko/20100101 Firefox/121.0
2025-12-29 23:10:50,004 - INFO - patching driver executable /home/raouf/.local/share/undetected_chromedriver/undetected_chromedriver
2025-12-29 23:10:51,975 - INFO - Browser launched with persistent profile: /home/raouf/Bureau/appart-scrapper/browser_profile_uc
2025-12-29 23:10:51,976 - INFO - Running scraper: seloger
2025-12-29 23:11:00,273 - INFO - [seloger] Navigating to https://www.seloger.com/classified-search?distributionTypes=Rent&estateTypes=House,Apartment&locationsInBuildingExcluded=Groundfloor&locations=AD08FR31096&priceMin=600&priceMax=850&spaceMin=19&order=DateDesc
2025-12-29 23:11:00,273 - INFO - [seloger] Visiting homepage first...
2025-12-29 23:11:23,522 - INFO - [seloger] Navigating to search page...
2025-12-29 23:11:33,706 - INFO - [seloger] Parsed 30 cards
2025-12-29 23:11:34,023 - INFO - [seloger] Found 30 listings
2025-12-29 23:11:34,342 - INFO - Notification sent successfully.
2025-12-29 23:11:34,343 - INFO - New listing detected: 257278241
2025-12-29 23:11:34,662 - INFO - Notification sent successfully.
2025-12-29 23:11:34,669 - INFO - New listing detected: 257267493
2025-12-29 23:11:35,021 - INFO - Notification sent successfully.
2025-12-29 23:11:35,023 - INFO - New listing detected: 257265561
2025-12-29 23:11:35,322 - INFO - Notification sent successfully.
2025-12-29 23:11:35,323 - INFO - New listing detected: 257265585
2025-12-29 23:11:35,619 - INFO - Notification sent successfully.
2025-12-29 23:11:35,621 - INFO - New listing detected: 257264317
2025-12-29 23:11:35,947 - INFO - Notification sent successfully.
2025-12-29 23:11:35,949 - INFO - New listing detected: 255453551
2025-12-29 23:11:36,250 - INFO - Notification sent successfully.
2025-12-29 23:11:36,252 - INFO - New listing detected: 257199749
2025-12-29 23:11:36,253 - INFO - Found 7 new listings for seloger
2025-12-29 23:11:36,253 - INFO - Browser closed.
2025-12-29 23:11:36,256 - INFO - Scraper run completed.
2025-12-29 23:11:36,265 - INFO - Waiting 5 minutes before next check...
2025-12-29 23:12:26,653 - INFO - Stopping scraper...
2025-12-29 23:23:27,943 - INFO - Starting scraper run...
2025-12-29 23:23:27,949 - INFO - Debug mode enabled: Running headful browser.
2025-12-29 23:23:27,949 - INFO - iPhone emulation enabled: iPhone 14
2025-12-29 23:23:28,610 - INFO - patching driver executable /home/raouf/.local/share/undetected_chromedriver/undetected_chromedriver
2025-12-29 23:23:30,279 - INFO - Applying iOS emulation: iPhone 14 (iOS 17.4)
2025-12-29 23:23:30,444 - ERROR - Critical error in main loop: Message: invalid argument: Invalid parameters
  (Session info: chrome=140.0.7339.207)
Stacktrace:
#0 0x55aaa50f1fba <unknown>
#1 0x55aaa4b766d0 <unknown>
#2 0x55aaa4b5dca6 <unknown>
#3 0x55aaa4b5c706 <unknown>
#4 0x55aaa4b5ce8f <unknown>
#5 0x55aaa4b5cde4 <unknown>
#6 0x55aaa4b7a93f <unknown>
#7 0x55aaa4c1fe2a <unknown>
#8 0x55aaa4bede32 <unknown>
#9 0x55aaa4c13b54 <unknown>
#10 0x55aaa4bedc03 <unknown>
#11 0x55aaa4bba7a8 <unknown>
#12 0x55aaa4bbb421 <unknown>
#13 0x55aaa50b6b28 <unknown>
#14 0x55aaa50ba87f <unknown>
#15 0x55aaa509ec49 <unknown>
#16 0x55aaa50bb405 <unknown>
#17 0x55aaa50844ff <unknown>
#18 0x55aaa50df258 <unknown>
#19 0x55aaa50df432 <unknown>
#20 0x55aaa50f0fa3 <unknown>
#21 0x7fc307a9caa4 <unknown>
#22 0x7fc307b29c6c <unknown>
Traceback (most recent call last):
  File "/home/raouf/Bureau/appart-scrapper/main.py", line 298, in <module>
    run_scrapers()
  File "/home/raouf/Bureau/appart-scrapper/main.py", line 226, in run_scrapers
    driver = create_stealth_driver(config)
             ^^^^^^^^^^^^^^^^^^^^^^^^^^^^^
  File "/home/raouf/Bureau/appart-scrapper/main.py", line 151, in create_stealth_driver
    apply_ios_emulation_to_driver(driver, iphone_profile)
  File "/home/raouf/Bureau/appart-scrapper/iphone_emulation.py", line 413, in apply_ios_emulation_to_driver
    driver.execute_cdp_cmd("Emulation.setUserAgentOverride", {
  File "/home/raouf/Bureau/appart-scrapper/env/lib/python3.12/site-packages/selenium/webdriver/chromium/webdriver.py", line 144, in execute_cdp_cmd
    return super().execute_cdp_cmd(cmd, cmd_args)
           ^^^^^^^^^^^^^^^^^^^^^^^^^^^^^^^^^^^^^^
  File "/home/raouf/Bureau/appart-scrapper/env/lib/python3.12/site-packages/selenium/webdriver/remote/webdriver.py", line 409, in execute_cdp_cmd
    return self.execute("executeCdpCommand", {"cmd": cmd, "params": cmd_args})["value"]
           ^^^^^^^^^^^^^^^^^^^^^^^^^^^^^^^^^^^^^^^^^^^^^^^^^^^^^^^^^^^^^^^^^^^
  File "/home/raouf/Bureau/appart-scrapper/env/lib/python3.12/site-packages/selenium/webdriver/remote/webdriver.py", line 432, in execute
    self.error_handler.check_response(response)
  File "/home/raouf/Bureau/appart-scrapper/env/lib/python3.12/site-packages/selenium/webdriver/remote/errorhandler.py", line 232, in check_response
    raise exception_class(message, screen, stacktrace)
selenium.common.exceptions.InvalidArgumentException: Message: invalid argument: Invalid parameters
  (Session info: chrome=140.0.7339.207)
Stacktrace:
#0 0x55aaa50f1fba <unknown>
#1 0x55aaa4b766d0 <unknown>
#2 0x55aaa4b5dca6 <unknown>
#3 0x55aaa4b5c706 <unknown>
#4 0x55aaa4b5ce8f <unknown>
#5 0x55aaa4b5cde4 <unknown>
#6 0x55aaa4b7a93f <unknown>
#7 0x55aaa4c1fe2a <unknown>
#8 0x55aaa4bede32 <unknown>
#9 0x55aaa4c13b54 <unknown>
#10 0x55aaa4bedc03 <unknown>
#11 0x55aaa4bba7a8 <unknown>
#12 0x55aaa4bbb421 <unknown>
#13 0x55aaa50b6b28 <unknown>
#14 0x55aaa50ba87f <unknown>
#15 0x55aaa509ec49 <unknown>
#16 0x55aaa50bb405 <unknown>
#17 0x55aaa50844ff <unknown>
#18 0x55aaa50df258 <unknown>
#19 0x55aaa50df432 <unknown>
#20 0x55aaa50f0fa3 <unknown>
#21 0x7fc307a9caa4 <unknown>
#22 0x7fc307b29c6c <unknown>

2025-12-29 23:23:30,452 - INFO - Restarting in 1 minute...
2025-12-29 23:24:20,323 - INFO - Starting scraper run...
2025-12-29 23:24:20,331 - INFO - Debug mode enabled: Running headful browser.
2025-12-29 23:24:20,332 - INFO - iPhone emulation enabled: iPhone 14
2025-12-29 23:24:20,988 - INFO - patching driver executable /home/raouf/.local/share/undetected_chromedriver/undetected_chromedriver
2025-12-29 23:24:22,562 - INFO - Applying iOS emulation: iPhone 14 (iOS 17.4)
2025-12-29 23:24:22,727 - ERROR - Critical error in main loop: Message: invalid argument: Invalid parameters
  (Session info: chrome=140.0.7339.207)
Stacktrace:
#0 0x6329eaf5efba <unknown>
#1 0x6329ea9e36d0 <unknown>
#2 0x6329ea9caca6 <unknown>
#3 0x6329ea9c9706 <unknown>
#4 0x6329ea9c9e8f <unknown>
#5 0x6329ea9c9de4 <unknown>
#6 0x6329ea9e793f <unknown>
#7 0x6329eaa8ce2a <unknown>
#8 0x6329eaa5ae32 <unknown>
#9 0x6329eaa80b54 <unknown>
#10 0x6329eaa5ac03 <unknown>
#11 0x6329eaa277a8 <unknown>
#12 0x6329eaa28421 <unknown>
#13 0x6329eaf23b28 <unknown>
#14 0x6329eaf2787f <unknown>
#15 0x6329eaf0bc49 <unknown>
#16 0x6329eaf28405 <unknown>
#17 0x6329eaef14ff <unknown>
#18 0x6329eaf4c258 <unknown>
#19 0x6329eaf4c432 <unknown>
#20 0x6329eaf5dfa3 <unknown>
#21 0x7ff5e989caa4 <unknown>
#22 0x7ff5e9929c6c <unknown>
Traceback (most recent call last):
  File "/home/raouf/Bureau/appart-scrapper/main.py", line 298, in <module>
    run_scrapers()
  File "/home/raouf/Bureau/appart-scrapper/main.py", line 226, in run_scrapers
    driver = create_stealth_driver(config)
             ^^^^^^^^^^^^^^^^^^^^^^^^^^^^^
  File "/home/raouf/Bureau/appart-scrapper/main.py", line 151, in create_stealth_driver
    apply_ios_emulation_to_driver(driver, iphone_profile)
  File "/home/raouf/Bureau/appart-scrapper/iphone_emulation.py", line 413, in apply_ios_emulation_to_driver
    driver.execute_cdp_cmd("Emulation.setUserAgentOverride", {
  File "/home/raouf/Bureau/appart-scrapper/env/lib/python3.12/site-packages/selenium/webdriver/chromium/webdriver.py", line 144, in execute_cdp_cmd
    return super().execute_cdp_cmd(cmd, cmd_args)
           ^^^^^^^^^^^^^^^^^^^^^^^^^^^^^^^^^^^^^^
  File "/home/raouf/Bureau/appart-scrapper/env/lib/python3.12/site-packages/selenium/webdriver/remote/webdriver.py", line 409, in execute_cdp_cmd
    return self.execute("executeCdpCommand", {"cmd": cmd, "params": cmd_args})["value"]
           ^^^^^^^^^^^^^^^^^^^^^^^^^^^^^^^^^^^^^^^^^^^^^^^^^^^^^^^^^^^^^^^^^^^
  File "/home/raouf/Bureau/appart-scrapper/env/lib/python3.12/site-packages/selenium/webdriver/remote/webdriver.py", line 432, in execute
    self.error_handler.check_response(response)
  File "/home/raouf/Bureau/appart-scrapper/env/lib/python3.12/site-packages/selenium/webdriver/remote/errorhandler.py", line 232, in check_response
    raise exception_class(message, screen, stacktrace)
selenium.common.exceptions.InvalidArgumentException: Message: invalid argument: Invalid parameters
  (Session info: chrome=140.0.7339.207)
Stacktrace:
#0 0x6329eaf5efba <unknown>
#1 0x6329ea9e36d0 <unknown>
#2 0x6329ea9caca6 <unknown>
#3 0x6329ea9c9706 <unknown>
#4 0x6329ea9c9e8f <unknown>
#5 0x6329ea9c9de4 <unknown>
#6 0x6329ea9e793f <unknown>
#7 0x6329eaa8ce2a <unknown>
#8 0x6329eaa5ae32 <unknown>
#9 0x6329eaa80b54 <unknown>
#10 0x6329eaa5ac03 <unknown>
#11 0x6329eaa277a8 <unknown>
#12 0x6329eaa28421 <unknown>
#13 0x6329eaf23b28 <unknown>
#14 0x6329eaf2787f <unknown>
#15 0x6329eaf0bc49 <unknown>
#16 0x6329eaf28405 <unknown>
#17 0x6329eaef14ff <unknown>
#18 0x6329eaf4c258 <unknown>
#19 0x6329eaf4c432 <unknown>
#20 0x6329eaf5dfa3 <unknown>
#21 0x7ff5e989caa4 <unknown>
#22 0x7ff5e9929c6c <unknown>

2025-12-29 23:24:22,732 - INFO - Restarting in 1 minute...
2025-12-29 23:26:42,363 - INFO - Starting scraper run...
2025-12-29 23:26:42,369 - INFO - Debug mode enabled: Running headful browser.
2025-12-29 23:26:42,369 - INFO - iPhone emulation enabled: iPhone 14
2025-12-29 23:26:42,994 - INFO - patching driver executable /home/raouf/.local/share/undetected_chromedriver/undetected_chromedriver
2025-12-29 23:26:44,336 - INFO - Applying iOS emulation: iPhone 14 (iOS 17.4)
2025-12-29 23:26:44,598 - INFO - Browser launched with persistent profile: /home/raouf/Bureau/appart-scrapper/browser_profile_uc
2025-12-29 23:26:44,598 - INFO - Running scraper: seloger
2025-12-29 23:26:59,239 - INFO - [seloger] Navigating to https://www.seloger.com/classified-search?distributionTypes=Rent&estateTypes=House,Apartment&locationsInBuildingExcluded=Groundfloor&locations=AD08FR31096&priceMin=600&priceMax=850&spaceMin=19&order=DateDesc
2025-12-29 23:26:59,240 - INFO - [seloger] Visiting homepage first...
2025-12-29 23:27:16,759 - INFO - Browser closed.
2025-12-29 23:27:16,759 - INFO - Stopping scraper...
2026-01-02 17:23:36,769 - INFO - Starting scraper run...
2026-01-02 17:23:36,774 - INFO - Created curl_cffi session with impersonate=safari17_0
2026-01-02 17:23:36,775 - INFO - Running scraper: seloger
2026-01-02 17:23:44,881 - INFO - [seloger] Fetching https://www.seloger.com/classified-search?distributionTypes=Rent&estateTypes=House,Apartment&locationsInBuildingExcluded=Groundfloor&locations=AD08FR31096&priceMin=600&priceMax=850&spaceMin=19&order=DateDesc
2026-01-02 17:23:46,215 - INFO - [seloger] Parsed 32 cards
2026-01-02 17:23:46,358 - INFO - [seloger] Found 32 listings
2026-01-02 17:23:46,664 - INFO - Notification sent successfully.
2026-01-02 17:23:46,665 - INFO - New listing detected: 257464433
2026-01-02 17:23:46,959 - INFO - Notification sent successfully.
2026-01-02 17:23:46,960 - INFO - New listing detected: 257464461
2026-01-02 17:23:47,260 - INFO - Notification sent successfully.
2026-01-02 17:23:47,261 - INFO - New listing detected: 257464465
2026-01-02 17:23:47,578 - INFO - Notification sent successfully.
2026-01-02 17:23:47,580 - INFO - New listing detected: 257441561
2026-01-02 17:23:47,871 - INFO - Notification sent successfully.
2026-01-02 17:23:47,872 - INFO - New listing detected: 257416969
2026-01-02 17:23:48,169 - INFO - Notification sent successfully.
2026-01-02 17:23:48,171 - INFO - New listing detected: 257388331
2026-01-02 17:23:48,469 - INFO - Notification sent successfully.
2026-01-02 17:23:48,471 - INFO - New listing detected: 257388351
2026-01-02 17:23:48,762 - INFO - Notification sent successfully.
2026-01-02 17:23:48,764 - INFO - New listing detected: gen_7
2026-01-02 17:23:49,069 - INFO - Notification sent successfully.
2026-01-02 17:23:49,071 - INFO - New listing detected: 257308911
2026-01-02 17:23:49,367 - INFO - Notification sent successfully.
2026-01-02 17:23:49,369 - INFO - New listing detected: 211440415
2026-01-02 17:23:49,666 - INFO - Notification sent successfully.
2026-01-02 17:23:49,668 - INFO - New listing detected: 257304357
2026-01-02 17:23:49,965 - INFO - Notification sent successfully.
2026-01-02 17:23:49,966 - INFO - New listing detected: 210049801
2026-01-02 17:23:49,967 - INFO - Found 12 new listings for seloger
2026-01-02 17:23:49,969 - INFO - Session closed.
2026-01-02 17:23:49,971 - INFO - Scraper run completed.
2026-01-02 17:23:49,975 - INFO - Waiting 5 minutes before next check...
2026-01-02 17:23:56,784 - INFO - Stopping scraper...
2026-01-02 17:38:25,456 - INFO - Starting scraper run...
2026-01-02 17:38:25,461 - INFO - Created curl_cffi session with impersonate=safari17_0
2026-01-02 17:38:25,461 - INFO - Running scraper: seloger
2026-01-02 17:38:31,323 - INFO - [seloger] Fetching https://www.seloger.com/classified-search?distributionTypes=Rent&estateTypes=House,Apartment&locationsInBuildingExcluded=Groundfloor&locations=AD08FR31096&order=DateDesc
2026-01-02 17:38:32,903 - INFO - [seloger] Parsed 32 cards
2026-01-02 17:38:33,059 - INFO - [seloger] Found 32 listings
2026-01-02 17:38:33,372 - INFO - Notification sent successfully.
2026-01-02 17:38:33,374 - INFO - New listing detected: 257481887
2026-01-02 17:38:33,665 - INFO - Notification sent successfully.
2026-01-02 17:38:33,667 - INFO - New listing detected: 257481915
2026-01-02 17:38:33,967 - INFO - Notification sent successfully.
2026-01-02 17:38:33,968 - INFO - New listing detected: 251040195
2026-01-02 17:38:34,270 - INFO - Notification sent successfully.
2026-01-02 17:38:34,271 - INFO - New listing detected: 253719935
2026-01-02 17:38:34,565 - INFO - Notification sent successfully.
2026-01-02 17:38:34,567 - INFO - New listing detected: 257481393
2026-01-02 17:38:34,863 - INFO - Notification sent successfully.
2026-01-02 17:38:34,865 - INFO - New listing detected: 257481811
2026-01-02 17:38:35,160 - INFO - Notification sent successfully.
2026-01-02 17:38:35,162 - INFO - New listing detected: gen_6
2026-01-02 17:38:35,470 - INFO - Notification sent successfully.
2026-01-02 17:38:35,472 - INFO - New listing detected: 257479955
2026-01-02 17:38:35,769 - INFO - Notification sent successfully.
2026-01-02 17:38:35,771 - INFO - New listing detected: 257481039
2026-01-02 17:38:36,069 - INFO - Notification sent successfully.
2026-01-02 17:38:36,071 - INFO - New listing detected: 254512939
2026-01-02 17:38:36,366 - INFO - Notification sent successfully.
2026-01-02 17:38:36,368 - INFO - New listing detected: 257479923
2026-01-02 17:38:36,664 - INFO - Notification sent successfully.
2026-01-02 17:38:36,666 - INFO - New listing detected: 257479921
2026-01-02 17:38:36,964 - INFO - Notification sent successfully.
2026-01-02 17:38:36,966 - INFO - New listing detected: 257479919
2026-01-02 17:38:37,261 - INFO - Notification sent successfully.
2026-01-02 17:38:37,263 - INFO - New listing detected: gen_13
2026-01-02 17:38:37,560 - INFO - Notification sent successfully.
2026-01-02 17:38:37,562 - INFO - New listing detected: 257478281
2026-01-02 17:38:37,864 - INFO - Notification sent successfully.
2026-01-02 17:38:37,866 - INFO - New listing detected: 257477793
2026-01-02 17:38:38,164 - INFO - Notification sent successfully.
2026-01-02 17:38:38,166 - INFO - New listing detected: 257478349
2026-01-02 17:38:38,467 - INFO - Notification sent successfully.
2026-01-02 17:38:38,470 - INFO - New listing detected: 257477929
2026-01-02 17:38:38,770 - INFO - Notification sent successfully.
2026-01-02 17:38:38,771 - INFO - New listing detected: 257471973
2026-01-02 17:38:39,066 - INFO - Notification sent successfully.
2026-01-02 17:38:39,068 - INFO - New listing detected: 257477727
2026-01-02 17:38:39,370 - INFO - Notification sent successfully.
2026-01-02 17:38:39,372 - INFO - New listing detected: 257477825
2026-01-02 17:38:39,672 - INFO - Notification sent successfully.
2026-01-02 17:38:39,674 - INFO - New listing detected: 257476033
2026-01-02 17:38:39,977 - INFO - Notification sent successfully.
2026-01-02 17:38:39,979 - INFO - New listing detected: 257476073
2026-01-02 17:38:40,348 - INFO - Notification sent successfully.
2026-01-02 17:38:40,350 - INFO - New listing detected: 253536897
2026-01-02 17:38:40,641 - INFO - Notification sent successfully.
2026-01-02 17:38:40,643 - INFO - New listing detected: 257475849
2026-01-02 17:38:40,940 - INFO - Notification sent successfully.
2026-01-02 17:38:40,942 - INFO - New listing detected: gen_26
2026-01-02 17:38:41,240 - INFO - Notification sent successfully.
2026-01-02 17:38:41,242 - INFO - New listing detected: gen_27
2026-01-02 17:38:41,535 - INFO - Notification sent successfully.
2026-01-02 17:38:41,536 - INFO - New listing detected: gen_28
2026-01-02 17:38:41,837 - INFO - Notification sent successfully.
2026-01-02 17:38:41,838 - INFO - New listing detected: gen_29
2026-01-02 17:38:42,138 - INFO - Notification sent successfully.
2026-01-02 17:38:42,140 - INFO - New listing detected: 257474073
2026-01-02 17:38:42,441 - INFO - Notification sent successfully.
2026-01-02 17:38:42,442 - INFO - New listing detected: 257474137
2026-01-02 17:38:42,443 - INFO - Found 31 new listings for seloger
2026-01-02 17:38:42,443 - INFO - Running scraper: bienici
2026-01-02 17:38:49,305 - INFO - [bienici] Fetching API: https://www.bienici.com/realEstateAds.json?filters=%7B%22size%22%3A24%2C%22from%22%3A0%2C%22filterTy...
2026-01-02 17:38:49,347 - INFO - [bienici] Found 14 listings (total: 14)
2026-01-02 17:38:49,641 - INFO - Notification sent successfully.
2026-01-02 17:38:49,642 - INFO - New listing detected: ag754691-505922513
2026-01-02 17:38:49,944 - INFO - Notification sent successfully.
2026-01-02 17:38:49,946 - INFO - New listing detected: immo-facile-59755353
2026-01-02 17:38:51,329 - INFO - Notification sent successfully.
2026-01-02 17:38:51,330 - INFO - New listing detected: ag753644-505652759
2026-01-02 17:38:51,639 - INFO - Notification sent successfully.
2026-01-02 17:38:51,641 - INFO - New listing detected: ag755809-505616768
2026-01-02 17:38:51,957 - INFO - Notification sent successfully.
2026-01-02 17:38:51,959 - INFO - New listing detected: ag752352-505528172
2026-01-02 17:38:52,253 - INFO - Notification sent successfully.
2026-01-02 17:38:52,255 - INFO - New listing detected: ag210198-504918467
2026-01-02 17:38:52,550 - INFO - Notification sent successfully.
2026-01-02 17:38:52,552 - INFO - New listing detected: lamy-38-FL0841940
2026-01-02 17:38:52,858 - INFO - Notification sent successfully.
2026-01-02 17:38:52,859 - INFO - New listing detected: ag752352-504661994
2026-01-02 17:38:53,159 - INFO - Notification sent successfully.
2026-01-02 17:38:53,161 - INFO - New listing detected: apimo-86519741
2026-01-02 17:38:53,456 - INFO - Notification sent successfully.
2026-01-02 17:38:53,458 - INFO - New listing detected: immo-facile-59588314
2026-01-02 17:38:53,758 - INFO - Notification sent successfully.
2026-01-02 17:38:53,760 - INFO - New listing detected: lamy-38-FL0828238
2026-01-02 17:38:54,059 - INFO - Notification sent successfully.
2026-01-02 17:38:54,061 - INFO - New listing detected: ag755809-454685432
2026-01-02 17:38:54,360 - INFO - Notification sent successfully.
2026-01-02 17:38:54,362 - INFO - New listing detected: immo-facile-57404150
2026-01-02 17:38:54,668 - INFO - Notification sent successfully.
2026-01-02 17:38:54,670 - INFO - New listing detected: apimo-1744746
2026-01-02 17:38:54,670 - INFO - Found 14 new listings for bienici
2026-01-02 17:38:54,674 - INFO - Session closed.
2026-01-02 17:38:54,680 - INFO - Scraper run completed.
2026-01-02 17:38:54,687 - INFO - Waiting 5 minutes before next check...
2026-01-02 17:40:18,411 - INFO - Stopping scraper...
2026-01-02 17:40:21,685 - INFO - Starting scraper run...
2026-01-02 17:40:21,691 - INFO - Created curl_cffi session with impersonate=safari17_0
2026-01-02 17:40:21,691 - INFO - Running scraper: seloger
2026-01-02 17:40:27,557 - INFO - [seloger] Fetching https://www.seloger.com/classified-search?distributionTypes=Rent&estateTypes=House,Apartment&locationsInBuildingExcluded=Groundfloor&locations=AD08FR31096&order=DateDesc
2026-01-02 17:40:28,007 - INFO - [seloger] Parsed 32 cards
2026-01-02 17:40:28,163 - INFO - [seloger] Found 32 listings
2026-01-02 17:40:28,164 - INFO - No new listings for seloger
2026-01-02 17:40:28,164 - INFO - Running scraper: bienici
2026-01-02 17:40:37,273 - INFO - [bienici] Fetching API: https://www.bienici.com/realEstateAds.json?filters=%7B%22size%22%3A24%2C%22from%22%3A0%2C%22filterTy...
2026-01-02 17:40:37,314 - INFO - [bienici] Found 14 listings (total: 14)
2026-01-02 17:40:37,314 - INFO - No new listings for bienici
2026-01-02 17:40:37,318 - INFO - Session closed.
2026-01-02 17:40:37,322 - INFO - Scraper run completed.
2026-01-02 17:40:37,326 - INFO - Waiting 5 minutes before next check...
2026-01-02 17:40:51,318 - INFO - Stopping scraper...
2026-01-02 17:44:15,795 - INFO - Test INFO log
2026-01-02 17:44:15,795 - WARNING - Test WARNING log
2026-01-02 17:57:23,703 - INFO - 🚀 Scraper démarré
2026-01-02 17:57:23,704 - INFO - === Démarrage du scraping ===
2026-01-02 17:57:23,709 - INFO - Session créée (impersonate=safari17_0)
2026-01-02 17:57:23,709 - INFO - Scraping seloger...
2026-01-02 17:57:33,603 - INFO - [seloger] Fetching https://www.seloger.com/classified-search?distributionTypes=Rent&estateTypes=House,Apartment&locationsInBuildingExcluded=Groundfloor&locations=AD08FR31096&order=DateDesc
2026-01-02 17:57:34,048 - INFO - [seloger] Parsed 32 cards
2026-01-02 17:57:34,279 - INFO - [seloger] Found 32 listings
2026-01-02 17:57:34,592 - INFO - Notification envoyée.
2026-01-02 17:57:34,887 - INFO - Notification envoyée.
2026-01-02 17:57:35,187 - INFO - Notification envoyée.
2026-01-02 17:57:35,728 - INFO - Notification envoyée.
2026-01-02 17:57:36,026 - INFO - Notification envoyée.
2026-01-02 17:57:36,330 - INFO - Notification envoyée.
2026-01-02 17:57:36,626 - INFO - Notification envoyée.
2026-01-02 17:57:36,924 - INFO - Notification envoyée.
2026-01-02 17:57:36,926 - INFO - ✅ seloger: 8 nouvelles annonces
2026-01-02 17:57:36,926 - INFO - Scraping bienici...
2026-01-02 17:57:48,816 - INFO - [bienici] Fetching API: https://www.bienici.com/realEstateAds.json?filters=%7B%22size%22%3A24%2C%22from%22%3A0%2C%22filterTy...
2026-01-02 17:57:48,856 - INFO - [bienici] Found 14 listings (total: 14)
2026-01-02 17:57:48,856 - INFO - 📭 bienici: aucune nouvelle annonce
2026-01-02 17:57:49,083 - INFO - === Scraping terminé ===
2026-01-02 17:57:49,088 - INFO - ⏳ Prochain check dans 5 min...
2026-01-02 17:58:14,109 - INFO - 🛑 Scraper arrêté
2026-01-02 18:01:35,760 - INFO - 🚀 Scraper démarré
2026-01-02 18:01:35,996 - INFO - === Démarrage du scraping ===
2026-01-02 18:01:36,223 - INFO - Session créée (impersonate=safari17_0)
2026-01-02 18:01:36,449 - INFO - Scraping seloger...
2026-01-02 18:01:50,549 - INFO - [seloger] Fetching https://www.seloger.com/classified-search?distributionTypes=Rent&estateTypes=House,Apartment&locationsInBuildingExcluded=Groundfloor&locations=AD08FR31096&priceMin=600&priceMax=850&spaceMin=19&order=DateDesc
2026-01-02 18:01:52,200 - INFO - [seloger] Parsed 32 cards
2026-01-02 18:01:52,620 - INFO - [seloger] Found 32 listings
2026-01-02 18:01:52,839 - INFO - 📭 seloger: aucune nouvelle annonce
2026-01-02 18:01:53,059 - INFO - Scraping bienici...
2026-01-02 18:01:59,487 - INFO - [bienici] Fetching API: https://www.bienici.com/realEstateAds.json?filters=%7B%22size%22%3A24%2C%22from%22%3A0%2C%22filterTy...
2026-01-02 18:01:59,752 - INFO - [bienici] Found 14 listings (total: 14)
2026-01-02 18:02:00,002 - INFO - 📭 bienici: aucune nouvelle annonce
2026-01-02 18:02:00,238 - INFO - === Scraping terminé ===
2026-01-02 18:02:00,485 - INFO - ⏳ Prochain check dans 5 min...
2026-01-02 18:03:23,458 - INFO - 🛑 Scraper arrêté
2026-01-02 18:06:37,026 - INFO - 🚀 Scraper démarré
2026-01-02 18:06:37,026 - INFO - === Démarrage du scraping ===
2026-01-02 18:06:37,031 - INFO - Session créée (impersonate=safari17_0)
2026-01-02 18:06:37,031 - INFO - Scraping seloger...
2026-01-02 18:06:45,557 - INFO - [seloger] Fetching https://www.seloger.com/classified-search?distributionTypes=Rent&estateTypes=House,Apartment&locationsInBuildingExcluded=Groundfloor&locations=AD08FR31096&priceMin=600&priceMax=850&spaceMin=19&order=DateDesc
2026-01-02 18:06:46,015 - INFO - [seloger] Parsed 32 cards
2026-01-02 18:06:46,254 - INFO - [seloger] Found 32 listings
2026-01-02 18:06:46,617 - INFO - Notification envoyée.
2026-01-02 18:06:46,917 - INFO - Notification envoyée.
2026-01-02 18:06:47,218 - INFO - Notification envoyée.
2026-01-02 18:06:47,519 - INFO - Notification envoyée.
2026-01-02 18:06:47,824 - INFO - Notification envoyée.
2026-01-02 18:06:48,420 - INFO - Notification envoyée.
2026-01-02 18:06:48,751 - INFO - Notification envoyée.
2026-01-02 18:06:49,050 - INFO - Notification envoyée.
2026-01-02 18:06:49,353 - INFO - Notification envoyée.
2026-01-02 18:06:49,650 - INFO - Notification envoyée.
2026-01-02 18:06:49,946 - INFO - Notification envoyée.
2026-01-02 18:06:50,256 - INFO - Notification envoyée.
2026-01-02 18:06:50,553 - INFO - Notification envoyée.
2026-01-02 18:06:50,852 - INFO - Notification envoyée.
2026-01-02 18:06:51,165 - INFO - Notification envoyée.
2026-01-02 18:06:51,468 - INFO - Notification envoyée.
2026-01-02 18:06:51,766 - INFO - Notification envoyée.
2026-01-02 18:06:52,065 - INFO - Notification envoyée.
2026-01-02 18:06:52,364 - INFO - Notification envoyée.
2026-01-02 18:06:52,665 - INFO - Notification envoyée.
2026-01-02 18:06:52,962 - INFO - Notification envoyée.
2026-01-02 18:06:53,258 - INFO - Notification envoyée.
2026-01-02 18:06:53,557 - INFO - Notification envoyée.
2026-01-02 18:06:53,871 - INFO - Notification envoyée.
2026-01-02 18:06:54,166 - INFO - Notification envoyée.
2026-01-02 18:06:54,470 - INFO - Notification envoyée.
2026-01-02 18:06:54,772 - INFO - Notification envoyée.
2026-01-02 18:06:55,080 - INFO - Notification envoyée.
2026-01-02 18:06:55,386 - INFO - Notification envoyée.
2026-01-02 18:06:55,686 - INFO - Notification envoyée.
2026-01-02 18:06:55,984 - INFO - Notification envoyée.
2026-01-02 18:06:56,312 - INFO - Notification envoyée.
2026-01-02 18:06:56,315 - INFO - ✅ seloger: 32 nouvelles annonces
2026-01-02 18:06:56,316 - INFO - Scraping bienici...
2026-01-02 18:07:02,161 - INFO - [bienici] Fetching API: https://www.bienici.com/realEstateAds.json?filters=%7B%22size%22%3A24%2C%22from%22%3A0%2C%22filterTy...
2026-01-02 18:07:02,211 - INFO - [bienici] Found 14 listings (total: 14)
2026-01-02 18:07:02,523 - INFO - Notification envoyée.
2026-01-02 18:07:02,845 - INFO - Notification envoyée.
2026-01-02 18:07:03,140 - INFO - Notification envoyée.
2026-01-02 18:07:03,442 - INFO - Notification envoyée.
2026-01-02 18:07:03,753 - INFO - Notification envoyée.
2026-01-02 18:07:04,091 - INFO - Notification envoyée.
2026-01-02 18:07:04,393 - INFO - Notification envoyée.
2026-01-02 18:07:04,697 - INFO - Notification envoyée.
2026-01-02 18:07:04,999 - INFO - Notification envoyée.
2026-01-02 18:07:05,300 - INFO - Notification envoyée.
2026-01-02 18:07:05,635 - INFO - Notification envoyée.
2026-01-02 18:07:05,936 - INFO - Notification envoyée.
2026-01-02 18:07:06,235 - INFO - Notification envoyée.
2026-01-02 18:07:06,538 - INFO - Notification envoyée.
2026-01-02 18:07:06,540 - INFO - ✅ bienici: 14 nouvelles annonces
2026-01-02 18:07:06,546 - INFO - === Scraping terminé ===
2026-01-02 18:07:06,551 - INFO - ⏳ Prochain check dans 5 min...
2026-01-02 18:07:48,795 - INFO - 🛑 Scraper arrêté
2026-01-02 18:19:40,779 - INFO - 🚀 Scraper démarré
2026-01-02 18:19:40,780 - INFO - === Démarrage du scraping ===
2026-01-02 18:19:40,785 - INFO - Session créée (impersonate=safari17_0)
2026-01-02 18:19:40,786 - INFO - Scraping seloger...
2026-01-02 18:19:49,851 - INFO - [seloger] Fetching https://www.seloger.com/classified-search?distributionTypes=Rent&estateTypes=House,Apartment&locationsInBuildingExcluded=Groundfloor&locations=AD08FR31096&priceMin=600&priceMax=850&spaceMin=19&order=DateDesc
2026-01-02 18:19:51,430 - INFO - [seloger] Parsed 32 cards
2026-01-02 18:19:51,635 - INFO - [seloger] Found 32 listings
2026-01-02 18:19:51,636 - INFO - 📭 seloger: aucune nouvelle annonce
2026-01-02 18:19:51,636 - INFO - Scraping bienici...
2026-01-02 18:19:55,617 - INFO - 🛑 Scraper arrêté
2026-01-02 18:19:55,868 - ERROR - Échec envoi alerte: 'latin-1' codec can't encode characters in position 0-1: ordinal not in range(256)
